// Jest Snapshot v1, https://goo.gl/fbAQLP

exports[`NotFound should render the component when access wrong path 1`] = `
Object {
  "asFragment": [Function],
  "baseElement": <body>
    <div>
      <div
        class="bg-gradient-to-r from-purple-300 to-blue-200"
      >
        <div
          class="w-9/12 m-auto py-16 min-h-screen flex items-center justify-center"
        >
          <div
            class="bg-white shadow overflow-hidden sm:rounded-lg pb-8"
          >
            <div
              class="border-t border-gray-200 text-center pt-8"
            >
              <h1
                class="text-9xl font-bold text-purple-400"
              >
                404
              </h1>
              <h1
                class="text-6xl font-medium py-8"
              >
                oops! Page not found
              </h1>
              <p
                class="text-2xl pb-8 px-12 font-medium"
              >
                Oops! The page you are looking for does not exist. It might have been moved or deleted.
              </p>
              <a
                href="/"
              >
                <button
                  class="bg-gradient-to-r from-purple-400 to-blue-500 hover:from-pink-500 hover:to-orange-500 text-white font-semibold px-6 py-3 rounded-md mr-6"
                >
                  HOME
                </button>
              </a>
            </div>
          </div>
        </div>
      </div>
    </div>
  </body>,
  "container": <div>
    <div
      class="bg-gradient-to-r from-purple-300 to-blue-200"
    >
      <div
        class="w-9/12 m-auto py-16 min-h-screen flex items-center justify-center"
      >
        <div
          class="bg-white shadow overflow-hidden sm:rounded-lg pb-8"
        >
          <div
            class="border-t border-gray-200 text-center pt-8"
          >
            <h1
              class="text-9xl font-bold text-purple-400"
            >
              404
            </h1>
            <h1
              class="text-6xl font-medium py-8"
            >
              oops! Page not found
            </h1>
            <p
              class="text-2xl pb-8 px-12 font-medium"
            >
              Oops! The page you are looking for does not exist. It might have been moved or deleted.
            </p>
            <a
              href="/"
            >
              <button
                class="bg-gradient-to-r from-purple-400 to-blue-500 hover:from-pink-500 hover:to-orange-500 text-white font-semibold px-6 py-3 rounded-md mr-6"
              >
                HOME
              </button>
            </a>
          </div>
        </div>
      </div>
    </div>
  </div>,
  "debug": [Function],
  "findAllByAltText": [Function],
  "findAllByDisplayValue": [Function],
  "findAllByLabelText": [Function],
  "findAllByPlaceholderText": [Function],
  "findAllByRole": [Function],
  "findAllByTestId": [Function],
  "findAllByText": [Function],
  "findAllByTitle": [Function],
  "findByAltText": [Function],
  "findByDisplayValue": [Function],
  "findByLabelText": [Function],
  "findByPlaceholderText": [Function],
  "findByRole": [Function],
  "findByTestId": [Function],
  "findByText": [Function],
  "findByTitle": [Function],
  "getAllByAltText": [Function],
  "getAllByDisplayValue": [Function],
  "getAllByLabelText": [Function],
  "getAllByPlaceholderText": [Function],
  "getAllByRole": [Function],
  "getAllByTestId": [Function],
  "getAllByText": [Function],
  "getAllByTitle": [Function],
  "getByAltText": [Function],
  "getByDisplayValue": [Function],
  "getByLabelText": [Function],
  "getByPlaceholderText": [Function],
  "getByRole": [Function],
  "getByTestId": [Function],
  "getByText": [Function],
  "getByTitle": [Function],
  "queryAllByAltText": [Function],
  "queryAllByDisplayValue": [Function],
  "queryAllByLabelText": [Function],
  "queryAllByPlaceholderText": [Function],
  "queryAllByRole": [Function],
  "queryAllByTestId": [Function],
  "queryAllByText": [Function],
  "queryAllByTitle": [Function],
  "queryByAltText": [Function],
  "queryByDisplayValue": [Function],
  "queryByLabelText": [Function],
  "queryByPlaceholderText": [Function],
  "queryByRole": [Function],
  "queryByTestId": [Function],
  "queryByText": [Function],
  "queryByTitle": [Function],
  "rerender": [Function],
  "unmount": [Function],
}
`;
